<?xml version="1.0" encoding="utf-8"?><testsuites><testsuite name="pytest" errors="0" failures="0" skipped="0" tests="4" time="4.139" timestamp="2025-02-11T10:57:14.330776+00:00" hostname="Krishans-MacBook-Pro.local"><testcase classname="tests.body.test_body" name="test_body_functions_as_expected" time="0.001" /><testcase classname="tests.engine.test_engine" name="test_can_navigate_to_engine_page" time="4.029" /><testcase classname="tests.entertainment.test_entertainment" name="test_entertainment_functions_as_expected" time="0.058" /><testcase classname="tests.sportcar.test_sportcar" name="test_sportcar_functions_as_expected" time="0.001" /></testsuite></testsuites>